../Core/Src/main.c:105:6:Process_Rx_RF	528	static
../Core/Src/main.c:138:6:Process_RX_Nc	528	static
../Core/Src/main.c:153:5:main	48	static
../Core/Src/main.c:212:6:SystemClock_Config	72	static
../Core/Src/main.c:249:13:MX_USART1_UART_Init	8	static
../Core/Src/main.c:282:13:MX_USART2_UART_Init	8	static
../Core/Src/main.c:315:13:MX_GPIO_Init	40	static
../Core/Src/main.c:364:6:User_Init	8	static
../Core/Src/main.c:372:6:HAL_UART_RxCpltCallback	280	static
../Core/Src/main.c:400:6:readMode_Task	528	static
../Core/Src/main.c:417:6:fakeData	528	static
../Core/Src/main.c:445:6:HAL_TIM_PeriodElapsedCallback	16	static
../Core/Src/main.c:462:6:Error_Handler	4	static,ignoring_inline_asm
